Archive member included because of file (symbol)

../cross_compiler/lib/gcc/arm-none-eabi/4.8.1//libgcc.a(_udivsi3.o)
                              binaries/qsort.o (__aeabi_uidiv)
../cross_compiler/lib/gcc/arm-none-eabi/4.8.1//libgcc.a(_divsi3.o)
                              binaries/doprnt.o (__aeabi_idiv)
../cross_compiler/lib/gcc/arm-none-eabi/4.8.1//libgcc.a(_dvmd_tls.o)
                              ../cross_compiler/lib/gcc/arm-none-eabi/4.8.1//libgcc.a(_udivsi3.o) (__aeabi_idiv0)
../cross_compiler/lib/gcc/arm-none-eabi/4.8.1//libgcc.a(_arm_addsubdf3.o)
                              binaries/readEdgeData.o (__aeabi_ui2d)
../cross_compiler/lib/gcc/arm-none-eabi/4.8.1//libgcc.a(_arm_muldivdf3.o)
                              binaries/readEdgeData.o (__aeabi_dmul)
../cross_compiler/lib/gcc/arm-none-eabi/4.8.1//libgcc.a(_arm_cmpdf2.o)
                              binaries/doprnt.o (__aeabi_dcmplt)
../cross_compiler/lib/gcc/arm-none-eabi/4.8.1//libgcc.a(_arm_fixdfsi.o)
                              binaries/doprnt.o (__aeabi_d2iz)
../cross_compiler/lib/gcc/arm-none-eabi/4.8.1//libgcc.a(_arm_fixunsdfsi.o)
                              binaries/readEdgeData.o (__aeabi_d2uiz)

Allocating common symbols
Common symbol       size              file

netbufpool          0x4               binaries/net.o
del                 0x4               binaries/readEdgeData.o
gpioblk             0x4               binaries/readEdgeData.o
readylist           0x2               binaries/ready.o
rfltab              0x5a0             binaries/rflinit.o
netportseed         0x4               binaries/net.o
sleepq              0x2               binaries/clkinit.o
gpiotab             0x30              binaries/gpioinit.o
udpslotClient       0x4               binaries/main.o
m_controlModule     0x4               binaries/readEdgeData.o
intc_vector         0x200             binaries/evec.o
nnames              0x4               binaries/naminit.o
udptab              0x168             binaries/udp.o
minheap             0x4               binaries/meminit.o
marks               0x50              binaries/mark.o
currpid             0x4               binaries/initialize.o
Lf_data             0x20c             binaries/lfsinit.o
porttab             0x2d0             binaries/ptinit.o
ttytab              0x110             binaries/ttyinit.o
proctab             0x1900            binaries/initialize.o
ipaddr              0x4               binaries/main.o
eth_a_regs          0x1c              binaries/ethinit.o
prcount             0x4               binaries/initialize.o
lfltab              0xf00             binaries/lflinit.o
outlen              0x4               binaries/main.o
producer_id         0x4               binaries/main.o
m_gpio              0x10              binaries/readEdgeData.o
rdstab              0x8c              binaries/rdsinit.o
ethertab            0x138             binaries/ethinit.o
NetData             0xb0              binaries/net.o
clktime_ms          0x4               binaries/clkinit.o
nmarks              0x4               binaries/mark.o
head                0x14              binaries/event.o
Defer               0x8               binaries/resched.o
semtab              0x4b0             binaries/initialize.o
maxheap             0x4               binaries/meminit.o
preempt             0x4               binaries/clkinit.o
buftab              0xf0              binaries/bufinit.o
Rf_data             0x18              binaries/rfsinit.o
gpio_blk_output     0x4               binaries/gpioinit.o
mkmutex             0x4               binaries/mark.o
inlen               0x4               binaries/main.o
readSem             0x4               binaries/adcinit.o
clktime             0x4               binaries/clkinit.o
arpcache            0x140             binaries/arp.o
icmptab             0x230             binaries/icmp.o
subs                0x8000            binaries/event.o
nbpools             0x4               binaries/bufinit.o
gpioinitblk         0xc               binaries/gpioinit.o
queuetab            0x980             binaries/queue.o
str                 0x80              binaries/main.o
gpio_blk_input      0x4               binaries/gpioinit.o
ptnextid            0x4               binaries/ptinit.o
Ram                 0x19000           binaries/raminit.o
ipoqueue            0x2c              binaries/ip.o
msg_bufs            0x208             binaries/receive.o
memlist             0x8               binaries/initialize.o
nametab             0x19a0            binaries/naminit.o
ptfree              0x4               binaries/ptinit.o

Memory Configuration

Name             Origin             Length             Attributes
*default*        0x00000000         0xffffffff

Linker script and memory map

                0x81000000                physbase = 0x81000000
                0x81000000                . = physbase
                0x81000000                . = ALIGN (0x1000)

.text           0x81000000    0x19000
                0x81000000                text = ABSOLUTE (.)
 *(.text .text.*)
 .text          0x81000000       0x4c binaries/start.o
                0x81000000                start
 .text          0x8100004c      0x33c binaries/ascdate.o
                0x8100004c                ascdate
 .text          0x81000388       0x18 binaries/bufinit.o
                0x81000388                bufinit
 .text          0x810003a0       0x60 binaries/chprio.o
                0x810003a0                chprio
 .text          0x81000400      0x104 binaries/clkhandler.o
                0x81000400                clkhandler
 .text          0x81000504       0xe0 binaries/clkinit.o
                0x81000504                clkinit
 .text          0x810005e4       0x50 binaries/close.o
                0x810005e4                close
 .text          0x81000634        0x0 binaries/conf.o
 .text          0x81000634       0x68 binaries/control.o
                0x81000634                control
 .text          0x8100069c      0x284 binaries/create.o
                0x8100069c                create
 .text          0x81000920       0xb0 binaries/evec.o
                0x81000920                initintc
                0x8100094c                set_evec
                0x8100098c                irq_dispatch
 .text          0x810009d0      0x420 binaries/event.o
                0x810009d0                removeFromBufQueue
                0x81000a34                broker
                0x81000a6c                appendToBufQueue
                0x81000b24                subscribe
                0x81000c40                unsubscribe
                0x81000ce8                publish
 .text          0x81000df0       0x10 binaries/exit.o
                0x81000df0                exit
 .text          0x81000e00       0x7c binaries/freebuf.o
                0x81000e00                freebuf
 .text          0x81000e7c      0x148 binaries/freemem.o
                0x81000e7c                freemem
 .text          0x81000fc4       0x78 binaries/getbuf.o
                0x81000fc4                getbuf
 .text          0x8100103c       0x50 binaries/getc.o
                0x8100103c                getc
 .text          0x8100108c       0x68 binaries/getdev.o
                0x8100108c                getdev
 .text          0x810010f4       0xa0 binaries/getitem.o
                0x810010f4                getitem
                0x81001124                getfirst
                0x81001158                getlast
 .text          0x81001194      0x108 binaries/getmem.o
                0x81001194                getmem
 .text          0x8100129c       0x10 binaries/getpid.o
                0x8100129c                getpid
 .text          0x810012ac       0x54 binaries/getprio.o
                0x810012ac                getprio
 .text          0x81001300       0xc8 binaries/getstk.o
                0x81001300                getstk
 .text          0x810013c8        0x8 binaries/getticks.o
                0x810013c8                getticks
 .text          0x810013d0       0x38 binaries/gettime.o
                0x810013d0                gettime
 .text          0x81001408      0x1ec binaries/getutime.o
                0x81001408                getutime
 .text          0x810015f4       0x50 binaries/init.o
                0x810015f4                init
 .text          0x81001644      0x344 binaries/initialize.o
                0x810016e8                nulluser
                0x81001928                stop
                0x8100194c                delay
 .text          0x81001988       0xcc binaries/insert.o
                0x81001988                insert
 .text          0x81001a54      0x130 binaries/insertd.o
                0x81001a54                insertd
 .text          0x81001b84        0x8 binaries/ioerr.o
                0x81001b84                ioerr
 .text          0x81001b8c        0x8 binaries/ionull.o
                0x81001b8c                ionull
 .text          0x81001b94      0x1d0 binaries/kill.o
                0x81001b94                removeSubscriptions
                0x81001be8                kill
 .text          0x81001d64       0xd0 binaries/kprintf.o
                0x81001d64                kputc
                0x81001db4                kgetc
                0x81001df4                kprintf
 .text          0x81001e34      0x2dc binaries/main.o
                0x81001e34                producer
                0x810020a4                main
 .text          0x81002110       0xd0 binaries/mark.o
                0x81002110                markinit
                0x8100213c                mark
 .text          0x810021e0       0x48 binaries/meminit.o
                0x810021e0                meminit
 .text          0x81002228      0x140 binaries/mkbufpool.o
                0x81002228                mkbufpool
 .text          0x81002368       0x7c binaries/newqueue.o
                0x81002368                newqueue
 .text          0x810023e4       0x60 binaries/open.o
                0x810023e4                open
 .text          0x81002444       0x20 binaries/panic.o
                0x81002444                panic
 .text          0x81002464       0xac binaries/platinit.o
                0x81002464                counterinit
                0x8100247c                platinit
 .text          0x81002510       0xa8 binaries/ptclear.o
                0x81002510                _ptclear
 .text          0x810025b8       0x78 binaries/ptcount.o
                0x810025b8                ptcount
 .text          0x81002630       0xdc binaries/ptcreate.o
                0x81002630                ptcreate
 .text          0x8100270c       0x74 binaries/ptdelete.o
                0x8100270c                ptdelete
 .text          0x81002780       0xbc binaries/ptinit.o
                0x81002780                ptinit
 .text          0x8100283c       0xd0 binaries/ptrecv.o
                0x8100283c                ptrecv
 .text          0x8100290c       0x68 binaries/ptreset.o
                0x8100290c                ptreset
 .text          0x81002974       0xf4 binaries/ptsend.o
                0x81002974                ptsend
 .text          0x81002a68       0x58 binaries/putc.o
                0x81002a68                putc
 .text          0x81002ac0       0xf0 binaries/queue.o
                0x81002ac0                enqueue
                0x81002b54                dequeue
 .text          0x81002bb0       0x60 binaries/read.o
                0x81002bb0                read
 .text          0x81002c10      0x230 binaries/readEdgeData.o
                0x81002c10                mystrtok
                0x81002ce8                readedgedata
                0x81002db4                gpioadcwrite
 .text          0x81002e40       0x68 binaries/ready.o
                0x81002e40                ready
 .text          0x81002ea8      0x290 binaries/receive.o
                0x81002ea8                bufPushBack
                0x81002f1c                bufPopFront
                0x81002f74                receive
                0x81002fd0                receiveMsg
                0x81003060                receiveMsgs
 .text          0x81003138       0x44 binaries/recvclr.o
                0x81003138                recvclr
 .text          0x8100317c       0xac binaries/recvtime.o
                0x8100317c                recvtime
 .text          0x81003228      0x1a4 binaries/resched.o
                0x81003228                resched
                0x81003310                resched_cntl
 .text          0x810033cc       0x88 binaries/resume.o
                0x810033cc                resume
 .text          0x81003454       0x58 binaries/seek.o
                0x81003454                seek
 .text          0x810034ac       0x58 binaries/semcount.o
                0x810034ac                semcount
 .text          0x81003504       0xb8 binaries/semcreate.o
                0x81003504                semcreate
 .text          0x810035bc       0xac binaries/semdelete.o
                0x810035bc                semdelete
 .text          0x81003668       0xa4 binaries/semreset.o
                0x81003668                semreset
 .text          0x8100370c      0x31c binaries/send.o
                0x8100370c                send
                0x810037c4                sendMsg
                0x810038f4                sendMsgs
                0x810039b0                sendnMsg
 .text          0x81003a28      0x194 binaries/sendEdgeData.o
                0x81003a28                sendedgedata
 .text          0x81003bbc       0x80 binaries/signal.o
                0x81003bbc                signal
 .text          0x81003c3c       0xb0 binaries/signaln.o
                0x81003c3c                signaln
 .text          0x81003cec       0xc8 binaries/sleep.o
                0x81003cec                sleepms
                0x81003d84                sleep
 .text          0x81003db4       0xb4 binaries/suspend.o
                0x81003db4                suspend
 .text          0x81003e68       0xb0 binaries/unsleep.o
                0x81003e68                unsleep
 .text          0x81003f18       0x10 binaries/userret.o
                0x81003f18                userret
 .text          0x81003f28       0xa8 binaries/wait.o
                0x81003f28                wait
 .text          0x81003fd0       0xa0 binaries/wakeup.o
                0x81003fd0                wakeup
 .text          0x81004070       0x60 binaries/write.o
                0x81004070                write
 .text          0x810040d0        0x8 binaries/writesensor.o
                0x810040d0                writesensor
 .text          0x810040d8       0x18 binaries/xdone.o
                0x810040d8                xdone
 .text          0x810040f0       0x20 binaries/yield.o
                0x810040f0                yield
 .text          0x81004110        0xc binaries/abs.o
                0x81004110                abs
 .text          0x8100411c      0x114 binaries/atoi.o
                0x8100411c                atoi
 .text          0x81004230      0x114 binaries/atol.o
                0x81004230                atol
 .text          0x81004344       0x20 binaries/bzero.o
                0x81004344                bzero
 .text          0x81004364        0x0 binaries/ctype_.o
 .text          0x81004364      0xa34 binaries/doprnt.o
                0x81004584                _doprnt
 .text          0x81004d98      0x704 binaries/doscan.o
                0x81004d98                _doscan
 .text          0x8100549c      0x898 binaries/fdoprnt.o
                0x81005548                _fdoprnt
 .text          0x81005d34       0x14 binaries/fgetc.o
                0x81005d34                fgetc
 .text          0x81005d48       0x84 binaries/fgets.o
                0x81005d48                fgets
 .text          0x81005dcc       0x3c binaries/fprintf.o
                0x81005dcc                fprintf
 .text          0x81005e08       0x24 binaries/fputc.o
                0x81005e08                fputc
 .text          0x81005e2c       0x38 binaries/fputs.o
                0x81005e2c                fputs
 .text          0x81005e64       0x78 binaries/fscanf.o
                0x81005e98                fscanf
 .text          0x81005edc       0x28 binaries/getchar.o
                0x81005edc                getchar
 .text          0x81005f04        0xc binaries/labs.o
                0x81005f04                labs
 .text          0x81005f10        0x0 binaries/memchr.o
 .text          0x81005f10       0x60 binaries/memcmp.o
                0x81005f10                memcmp
 .text          0x81005f70       0x24 binaries/memcpy.o
                0x81005f70                memcpy
 .text          0x81005f94       0x20 binaries/memset.o
                0x81005f94                memset
 .text          0x81005fb4       0x54 binaries/printf.o
                0x81005fb4                printf
 .text          0x81006008       0x28 binaries/putchar.o
                0x81006008                putchar
 .text          0x81006030      0x254 binaries/qsort.o
                0x81006264                qsort
 .text          0x81006284       0x7c binaries/rand.o
                0x81006284                rand
                0x810062bc                rand_r
                0x810062f0                srand
 .text          0x81006300       0x68 binaries/sprintf.o
                0x81006318                sprintf
 .text          0x81006368       0x78 binaries/sscanf.o
                0x8100639c                sscanf
 .text          0x810063e0       0x48 binaries/strchr.o
                0x810063e0                strchr
 .text          0x81006428       0x54 binaries/strcmp.o
                0x81006428                strcmp
 .text          0x8100647c       0x18 binaries/strcpy.o
                0x8100647c                strcpy
 .text          0x81006494       0x30 binaries/strlen.o
                0x81006494                strlen
 .text          0x810064c4       0x50 binaries/strncat.o
                0x810064c4                strncat
 .text          0x81006514       0x54 binaries/strncmp.o
                0x81006514                strncmp
 .text          0x81006568       0x80 binaries/strncpy.o
                0x81006568                strncpy
 .text          0x810065e8       0x48 binaries/strnlen.o
                0x810065e8                strnlen
 .text          0x81006630       0x58 binaries/strrchr.o
                0x81006630                strrchr
 .text          0x81006688       0xb0 binaries/strstr.o
                0x81006688                strstr
 .text          0x81006738       0xfc binaries/pio.o
                0x81006738                iot_write_pin
                0x8100677c                gpio_init_ddl
 .text          0x81006834       0xc8 binaries/ttycontrol.o
                0x81006834                ttycontrol
 .text          0x810068fc       0x6c binaries/ttygetc.o
                0x810068fc                ttygetc
 .text          0x81006968      0x4d8 binaries/ttyhandle_in.o
                0x81006a34                ttyhandle_in
 .text          0x81006e40      0x14c binaries/ttyhandle_out.o
                0x81006e40                ttyhandle_out
 .text          0x81006f8c       0xc8 binaries/ttyhandler.o
                0x81006f8c                ttyhandler
 .text          0x81007054      0x120 binaries/ttyinit.o
                0x81007054                ttyinit
 .text          0x81007174        0xc binaries/ttykickout.o
                0x81007174                ttykickout
 .text          0x81007180       0x78 binaries/ttyputc.o
                0x81007180                ttyputc
 .text          0x810071f8      0x110 binaries/ttyread.o
                0x810071f8                ttyread
 .text          0x81007308       0x4c binaries/ttywrite.o
                0x81007308                ttywrite
 .text          0x81007354      0x134 binaries/mount.o
                0x81007354                namlen
                0x810073a8                mount
 .text          0x81007488      0x1c4 binaries/naminit.o
                0x81007488                naminit
 .text          0x8100764c      0x240 binaries/nammap.o
                0x8100764c                namrepl
                0x81007784                namcpy
                0x810077e0                nammap
 .text          0x8100788c       0x40 binaries/namopen.o
                0x8100788c                namopen
 .text          0x810078cc       0x40 binaries/ethcontrol.o
                0x810078cc                ethcontrol
 .text          0x8100790c      0x178 binaries/ethhandler.o
                0x8100790c                ethhandler
 .text          0x81007a84      0x734 binaries/ethinit.o
                0x81007a84                eth_phy_read
                0x81007af4                eth_phy_write
                0x81007b4c                eth_phy_reset
                0x81007cbc                ethinit
 .text          0x810081b8       0xd8 binaries/ethread.o
                0x810081b8                ethread
 .text          0x81008290       0xf0 binaries/ethwrite.o
                0x81008290                ethwrite
 .text          0x81008380       0x90 binaries/rdsbufalloc.o
                0x81008380                rdsbufalloc
 .text          0x81008410       0xa0 binaries/rdsclose.o
                0x81008410                rdsclose
 .text          0x810084b0      0x20c binaries/rdscomm.o
                0x810084b0                rdscomm
 .text          0x810086bc      0x1a0 binaries/rdscontrol.o
                0x810086bc                rdscontrol
 .text          0x8100885c      0x180 binaries/rdsinit.o
                0x8100885c                rdsinit
 .text          0x810089dc      0x134 binaries/rdsopen.o
                0x810089dc                rdsopen
 .text          0x81008b10      0x304 binaries/rdsprocess.o
                0x81008b10                rdsprocess
 .text          0x81008e14      0x210 binaries/rdsread.o
                0x81008e14                rdsread
 .text          0x81009024      0x184 binaries/rdswrite.o
                0x81009024                rdswrite
 .text          0x810091a8        0x8 binaries/ramclose.o
                0x810091a8                ramclose
 .text          0x810091b0       0x3c binaries/raminit.o
                0x810091b0                raminit
 .text          0x810091ec        0x8 binaries/ramopen.o
                0x810091ec                ramopen
 .text          0x810091f4       0x24 binaries/ramread.o
                0x810091f4                ramread
 .text          0x81009218       0x20 binaries/ramwrite.o
                0x81009218                ramwrite
 .text          0x81009238       0x94 binaries/lfdballoc.o
                0x81009238                lfdballoc
 .text          0x810092cc       0x4c binaries/lfdbfree.o
                0x810092cc                lfdbfree
 .text          0x81009318       0xb8 binaries/lfflush.o
                0x81009318                lfflush
 .text          0x810093d0       0xc8 binaries/lfgetmode.o
                0x810093d0                lfgetmode
 .text          0x81009498       0x6c binaries/lfiballoc.o
                0x81009498                lfiballoc
 .text          0x81009504       0x30 binaries/lfibclear.o
                0x81009504                lfibclear
 .text          0x81009534       0x64 binaries/lfibget.o
                0x81009534                lfibget
 .text          0x81009598       0x8c binaries/lfibput.o
                0x81009598                lfibput
 .text          0x81009624       0x84 binaries/lflclose.o
                0x81009624                lflclose
 .text          0x810096a8       0xa0 binaries/lflcontrol.o
                0x810096a8                lflcontrol
 .text          0x81009748       0xa8 binaries/lflgetc.o
                0x81009748                lflgetc
 .text          0x810097f0       0xa8 binaries/lflinit.o
                0x810097f0                lflinit
 .text          0x81009898       0xdc binaries/lflputc.o
                0x81009898                lflputc
 .text          0x81009974       0x78 binaries/lflread.o
                0x81009974                lflread
 .text          0x810099ec       0x80 binaries/lflseek.o
                0x810099ec                lflseek
 .text          0x81009a6c       0x5c binaries/lflwrite.o
                0x81009a6c                lflwrite
 .text          0x81009ac8       0xa0 binaries/lfscheck.o
                0x81009ac8                lfscheck
 .text          0x81009b68      0x144 binaries/lfsckfmt.o
                0x81009b68                lfsckfmt
 .text          0x81009cac      0x15c binaries/lfscreate.o
                0x81009cac                lfscreate
 .text          0x81009e08      0x1f0 binaries/lfsetup.o
                0x81009e08                lfsetup
 .text          0x81009ff8       0x44 binaries/lfsinit.o
                0x81009ff8                lfsinit
 .text          0x8100a03c      0x358 binaries/lfsopen.o
                0x8100a03c                lfsopen
 .text          0x8100a394      0x108 binaries/lftruncate.o
                0x8100a394                lftruncate
 .text          0x8100a49c       0x70 binaries/rflclose.o
                0x8100a49c                rflclose
 .text          0x8100a50c       0x28 binaries/rflgetc.o
                0x8100a50c                rflgetc
 .text          0x8100a534       0x54 binaries/rflinit.o
                0x8100a534                rflinit
 .text          0x8100a588       0x30 binaries/rflputc.o
                0x8100a588                rflputc
 .text          0x8100a5b8      0x28c binaries/rflread.o
                0x8100a5b8                rflread
 .text          0x8100a844       0x74 binaries/rflseek.o
                0x8100a844                rflseek
 .text          0x8100a8b8      0x2c8 binaries/rflwrite.o
                0x8100a8b8                rflwrite
 .text          0x8100ab80      0x198 binaries/rfscomm.o
                0x8100ab80                rfscomm
 .text          0x8100ad18      0x224 binaries/rfscontrol.o
                0x8100ad18                rfscontrol
 .text          0x8100af3c       0xc8 binaries/rfsgetmode.o
                0x8100af3c                rfsgetmode
 .text          0x8100b004       0x84 binaries/rfsinit.o
                0x8100b004                rfsinit
 .text          0x8100b088       0xa4 binaries/rfsndmsg.o
                0x8100b088                rfsndmsg
 .text          0x8100b12c      0x22c binaries/rfsopen.o
                0x8100b12c                rfsopen
 .text          0x8100b358       0x8c binaries/spicontrol.o
                0x8100b358                spicontrol
 .text          0x8100b3e4       0xa8 binaries/spiinit.o
                0x8100b3e4                spiinit
 .text          0x8100b48c       0x68 binaries/gpiohandler.o
                0x8100b48c                gpiohandler
 .text          0x8100b4f4      0x2cc binaries/gpioinit.o
                0x8100b4f4                enablePinInterrupts
                0x8100b5a8                configurePin
                0x8100b634                getgpiopin
                0x8100b644                InitialGPIOInterrupt
                0x8100b6b4                gpioinit
 .text          0x8100b7c0       0xe0 binaries/gpioread.o
                0x8100b7c0                gpioread
 .text          0x8100b8a0       0x70 binaries/gpiowrite.o
                0x8100b8a0                gpiowrite
 .text          0x8100b910       0x50 binaries/adchandler.o
                0x8100b910                adchandler
 .text          0x8100b960      0x720 binaries/adcinit.o
                0x8100b960                TestRegAddress
                0x8100bc54                ADCConfigureAFEClock
                0x8100bc8c                ADCTSTransistorConfig
                0x8100bc9c                ADCStepConfigWriteProtect
                0x8100bcb8                ADCWorkModeConfigue
                0x8100bcd4                ADCStepEnable
                0x8100bce8                ADCStepDisable
                0x8100bcfc                ADCClearInterruptStatus
                0x8100bd10                ADCEnableModual
                0x8100bd20                ADCDisableModual
                0x8100bd30                ADCStepAverge
                0x8100bd9c                ADCStepOperationModeControl
                0x8100bdb8                ADCStepConfig
                0x8100be28                ADCStepAnalogSupplyConfig
                0x8100be7c                ADCStepAnalogGroundConfig
                0x8100beec                StepConfig
                0x8100bf94                ADCConfigure
                0x8100bff4                ADCStepFIFOSelConfig
                0x8100c014                ADCStepModeConfig
                0x8100c034                ADCSetInterruptBit
                0x8100c044                adcinit
 .text          0x8100c080       0x74 binaries/adcread.o
                0x8100c080                adcread
 .text          0x8100c0f4      0x31c binaries/adcsysctrl.o
                0x8100c0f4                InitialL4Clock
                0x8100c260                InitializeADCClock
                0x8100c26c                InitialL3Clock
                0x8100c3b0                InitialADCInterrupt
 .text          0x8100c410      0x714 binaries/arp.o
                0x8100c410                arp_init
                0x8100c430                arp_alloc
                0x8100c504                arp_ntoh
                0x8100c5a8                arp_hton
                0x8100c64c                arp_resolve
                0x8100c8b0                arp_in
 .text          0x8100cb24      0x64c binaries/dhcp.o
                0x8100cb24                dhcp_get_opt_val
                0x8100cb84                dhcp_bld_bootp_msg
                0x8100cc7c                dhcp_bld_disc
                0x8100ccd0                dhcp_bld_req
                0x8100cd94                getlocalip
 .text          0x8100d170      0x56c binaries/dns.o
                0x8100d258                dnslookup
 .text          0x8100d6dc      0x120 binaries/dot2ip.o
                0x8100d6dc                dot2ip
 .text          0x8100d7fc      0x33c binaries/hexdump.o
                0x8100d7fc                hexdump
                0x8100d95c                hexadump
 .text          0x8100db38      0x660 binaries/icmp.o
                0x8100db38                icmp_init
                0x8100db5c                icmp_register
                0x8100dc18                icmp_recv
                0x8100dd68                icmp_mkpkt
                0x8100de58                icmp_in
                0x8100dfa4                icmp_send
                0x8100e014                icmp_release
                0x8100e0d0                icmp_cksum
                0x8100e130                icmp_hton
                0x8100e164                icmp_ntoh
 .text          0x8100e198      0x674 binaries/ip.o
                0x8100e198                ip_local
                0x8100e1c8                ipcksum
                0x8100e20c                ip_ntoh
                0x8100e2b0                ip_in
                0x8100e3ec                ip_hton
                0x8100e490                ip_out
                0x8100e544                ip_send
                0x8100e674                ipout
                0x8100e770                ip_enqueue
 .text          0x8100e80c      0x228 binaries/net.o
                0x8100e80c                net_init
                0x8100e914                eth_hton
                0x8100e928                eth_ntoh
                0x8100e93c                netin
                0x8100e9e4                getport
 .text          0x8100ea34      0x9dc binaries/pdump.o
                0x8100ea34                pdump
                0x8100efc0                pdumph
 .text          0x8100f410      0x56c binaries/tftp.o
                0x8100f410                tftp_send1
                0x8100f4fc                tftpget_mb
                0x8100f948                tftpget
 .text          0x8100f97c      0x8f4 binaries/udp.o
                0x8100f97c                udp_init
                0x8100f9a4                udp_in
                0x8100fac4                udp_register
                0x8100fbe0                udp_recv
                0x8100fd14                udp_recvaddr
                0x8100fe64                udp_send
                0x8100ffec                udp_sendto
                0x8101014c                udp_release
                0x81010208                udp_ntoh
                0x8101023c                udp_hton
 .text          0x81010270      0x11c binaries/addargs.o
                0x81010270                addargs
 .text          0x8101038c      0x2b4 binaries/lexan.o
                0x8101038c                lexan
 .text          0x81010640      0x6a8 binaries/shell.o
                0x81010640                shell
 .text          0x81010ce8       0x64 binaries/xsh_argecho.o
                0x81010ce8                xsh_argecho
 .text          0x81010d4c      0x1f8 binaries/xsh_arp.o
                0x81010d4c                xsh_arp
 .text          0x81010f44      0x220 binaries/xsh_cat.o
                0x81010f44                xsh_cat
 .text          0x81011164       0x58 binaries/xsh_clear.o
                0x81011164                xsh_clear
 .text          0x810111bc      0x288 binaries/xsh_date.o
                0x810111bc                xsh_date
 .text          0x81011444       0x94 binaries/xsh_devdump.o
                0x81011444                xsh_devdump
 .text          0x810114d8       0x68 binaries/xsh_echo.o
                0x810114d8                xsh_echo
 .text          0x81011540        0x8 binaries/xsh_exit.o
                0x81011540                xsh_exit
 .text          0x81011548      0x3c8 binaries/xsh_help.o
                0x81011548                xsh_help
 .text          0x81011910      0x1e4 binaries/xsh_kill.o
                0x81011910                xsh_kill
 .text          0x81011af4      0x478 binaries/xsh_memdump.o
                0x81011bf0                xsh_memdump
 .text          0x81011f6c      0x218 binaries/xsh_memstat.o
                0x81011f6c                xsh_memstat
 .text          0x81012184      0x3ec binaries/xsh_netinfo.o
                0x81012184                xsh_netinfo
 .text          0x81012570      0x38c binaries/xsh_ping.o
                0x81012570                xsh_ping
 .text          0x810128fc      0x218 binaries/xsh_ps.o
                0x810128fc                xsh_ps
 .text          0x81012b14      0x1b8 binaries/xsh_sleep.o
                0x81012b14                xsh_sleep
 .text          0x81012ccc      0x23c binaries/xsh_udpdump.o
                0x81012ccc                xsh_udpdump
 .text          0x81012f08      0x3d8 binaries/xsh_udpecho.o
                0x81012f08                xsh_udpecho
 .text          0x810132e0      0x23c binaries/xsh_udpserver.o
                0x810132e0                xsh_udpeserver
 .text          0x8101351c      0x1a4 binaries/xsh_uptime.o
                0x8101351c                xsh_uptime
 .text          0x810136c0       0x2c binaries/ctxsw.o
                0x810136c0                ctxsw
 .text          0x810136ec      0x100 binaries/intr.o
                0x810136ec                disable
                0x810136f8                restore
                0x8101371c                enable
                0x81013724                pause
                0x81013724                halt
                0x8101372c                irq_except
                0x8101375c                initevec
                0x810137bc                expjmpinstr
 .text          0x810137ec      0x114 ../cross_compiler/lib/gcc/arm-none-eabi/4.8.1//libgcc.a(_udivsi3.o)
                0x810137ec                __udivsi3
                0x810137ec                __aeabi_uidiv
                0x810138e0                __aeabi_uidivmod
 .text          0x81013900      0x148 ../cross_compiler/lib/gcc/arm-none-eabi/4.8.1//libgcc.a(_divsi3.o)
                0x81013900                __aeabi_idiv
                0x81013900                __divsi3
                0x81013a28                __aeabi_idivmod
 .text          0x81013a48        0x4 ../cross_compiler/lib/gcc/arm-none-eabi/4.8.1//libgcc.a(_dvmd_tls.o)
                0x81013a48                __aeabi_ldiv0
                0x81013a48                __aeabi_idiv0
 .text          0x81013a4c      0x41c ../cross_compiler/lib/gcc/arm-none-eabi/4.8.1//libgcc.a(_arm_addsubdf3.o)
                0x81013a4c                __aeabi_drsub
                0x81013a54                __aeabi_dsub
                0x81013a54                __subdf3
                0x81013a58                __adddf3
                0x81013a58                __aeabi_dadd
                0x81013d68                __aeabi_ui2d
                0x81013d68                __floatunsidf
                0x81013d8c                __floatsidf
                0x81013d8c                __aeabi_i2d
                0x81013db4                __extendsfdf2
                0x81013db4                __aeabi_f2d
                0x81013df4                __aeabi_ul2d
                0x81013df4                __floatundidf
                0x81013e08                __floatdidf
                0x81013e08                __aeabi_l2d
 .text          0x81013e68      0x49c ../cross_compiler/lib/gcc/arm-none-eabi/4.8.1//libgcc.a(_arm_muldivdf3.o)
                0x81013e68                __aeabi_dmul
                0x81013e68                __muldf3
                0x810140f8                __aeabi_ddiv
                0x810140f8                __divdf3
 .text          0x81014304      0x144 ../cross_compiler/lib/gcc/arm-none-eabi/4.8.1//libgcc.a(_arm_cmpdf2.o)
                0x81014304                __gtdf2
                0x81014304                __gedf2
                0x8101430c                __ltdf2
                0x8101430c                __ledf2
                0x81014314                __cmpdf2
                0x81014314                __eqdf2
                0x81014314                __nedf2
                0x8101439c                __aeabi_cdrcmple
                0x810143b8                __aeabi_cdcmple
                0x810143b8                __aeabi_cdcmpeq
                0x810143d0                __aeabi_dcmpeq
                0x810143e8                __aeabi_dcmplt
                0x81014400                __aeabi_dcmple
                0x81014418                __aeabi_dcmpge
                0x81014430                __aeabi_dcmpgt
 .text          0x81014448       0x5c ../cross_compiler/lib/gcc/arm-none-eabi/4.8.1//libgcc.a(_arm_fixdfsi.o)
                0x81014448                __fixdfsi
                0x81014448                __aeabi_d2iz
 .text          0x810144a4       0x54 ../cross_compiler/lib/gcc/arm-none-eabi/4.8.1//libgcc.a(_arm_fixunsdfsi.o)
                0x810144a4                __fixunsdfsi
                0x810144a4                __aeabi_d2uiz
 *(.rodata .rodata.*)
 .rodata.str1.4
                0x810144f8       0x78 binaries/ascdate.o
 .rodata.str1.4
                0x81014570       0xe8 binaries/conf.o
 .rodata        0x81014658        0x4 binaries/event.o
                0x81014658                headBuf
 .rodata.str1.4
                0x8101465c      0x12b binaries/event.o
                                0x12c (size before relaxing)
 *fill*         0x81014787        0x1 
 .rodata.str1.4
                0x81014788       0x61 binaries/getutime.o
                                 0x64 (size before relaxing)
 *fill*         0x810147e9        0x3 
 .rodata.str1.4
                0x810147ec      0x18c binaries/initialize.o
                                0x190 (size before relaxing)
 .rodata.str1.4
                0x81014978      0x185 binaries/main.o
                                0x1d8 (size before relaxing)
 *fill*         0x81014afd        0x3 
 .rodata.str1.4
                0x81014b00        0xf binaries/panic.o
                                 0x10 (size before relaxing)
 *fill*         0x81014b0f        0x1 
 .rodata.str1.4
                0x81014b10       0x1d binaries/ptinit.o
                                 0x20 (size before relaxing)
 *fill*         0x81014b2d        0x3 
 .rodata.str1.4
                0x81014b30       0x25 binaries/ptsend.o
                                 0x28 (size before relaxing)
 *fill*         0x81014b55        0x3 
 .rodata.str1.4
                0x81014b58       0x57 binaries/readEdgeData.o
                                 0x58 (size before relaxing)
 *fill*         0x81014baf        0x1 
 .rodata.str1.4
                0x81014bb0       0xfb binaries/receive.o
                                 0xfc (size before relaxing)
 *fill*         0x81014cab        0x1 
 .rodata.str1.4
                0x81014cac       0x5c binaries/send.o
 .rodata.str1.4
                0x81014d08       0x9d binaries/sendEdgeData.o
                                0x100 (size before relaxing)
 *fill*         0x81014da5        0x3 
 .rodata.str1.4
                0x81014da8       0x27 binaries/xdone.o
                                 0x28 (size before relaxing)
 *fill*         0x81014dcf        0x1 
 .rodata        0x81014dd0       0x84 binaries/ctype_.o
                0x81014dd0                _ctype_
 .rodata.str1.4
                0x81014e54       0x2f binaries/doprnt.o
                                 0x30 (size before relaxing)
 .rodata.str1.4
                0x00000000       0x30 binaries/fdoprnt.o
 *fill*         0x81014e83        0x1 
 .rodata.str1.4
                0x81014e84       0x86 binaries/naminit.o
                                 0x90 (size before relaxing)
 *fill*         0x81014f0a        0x2 
 .rodata.str1.4
                0x81014f0c       0xe5 binaries/ethinit.o
                                 0xe8 (size before relaxing)
 *fill*         0x81014ff1        0x3 
 .rodata.str1.4
                0x81014ff4       0x12 binaries/ethread.o
                                 0x14 (size before relaxing)
 *fill*         0x81015006        0x2 
 .rodata.str1.4
                0x81015008       0x2c binaries/rdsbufalloc.o
 .rodata.str1.4
                0x81015034       0x76 binaries/rdscomm.o
                                 0x78 (size before relaxing)
 *fill*         0x810150aa        0x2 
 .rodata.str1.4
                0x810150ac       0x48 binaries/rdscontrol.o
 .rodata.str1.4
                0x810150f4       0x96 binaries/rdsinit.o
                                 0x98 (size before relaxing)
 *fill*         0x8101518a        0x2 
 .rodata.str1.4
                0x8101518c       0x22 binaries/rdsopen.o
                                 0x24 (size before relaxing)
 *fill*         0x810151ae        0x2 
 .rodata.str1.4
                0x810151b0       0x4d binaries/rdsprocess.o
                                 0x50 (size before relaxing)
 *fill*         0x810151fd        0x3 
 .rodata.str1.4
                0x81015200        0x9 binaries/raminit.o
                                  0xc (size before relaxing)
 *fill*         0x81015209        0x3 
 .rodata.str1.4
                0x8101520c       0x37 binaries/lfdballoc.o
                                 0x38 (size before relaxing)
 *fill*         0x81015243        0x1 
 .rodata.str1.4
                0x81015244       0x14 binaries/lfiballoc.o
 .rodata.str1.4
                0x81015258       0x23 binaries/lflcontrol.o
                                 0x24 (size before relaxing)
 *fill*         0x8101527b        0x1 
 .rodata.str1.4
                0x8101527c      0x11f binaries/lfsckfmt.o
                                0x120 (size before relaxing)
 *fill*         0x8101539b        0x1 
 .rodata.str1.4
                0x8101539c       0x2a binaries/lfsopen.o
                                 0x2c (size before relaxing)
 *fill*         0x810153c6        0x2 
 .rodata.str1.4
                0x810153c8       0x21 binaries/rflread.o
                                 0x24 (size before relaxing)
 .rodata.str1.4
                0x00000000       0x24 binaries/rflwrite.o
 *fill*         0x810153e9        0x3 
 .rodata.str1.4
                0x810153ec       0x75 binaries/rfscomm.o
                                 0x78 (size before relaxing)
 *fill*         0x81015461        0x3 
 .rodata.str1.4
                0x81015464       0x23 binaries/rfscontrol.o
                                 0x24 (size before relaxing)
 *fill*         0x81015487        0x1 
 .rodata.str1.4
                0x81015488       0x63 binaries/rfsinit.o
                                 0x64 (size before relaxing)
 *fill*         0x810154eb        0x1 
 .rodata.str1.4
                0x810154ec       0x2a binaries/rfsndmsg.o
                                 0x2c (size before relaxing)
 .rodata.str1.4
                0x00000000       0x24 binaries/rfsopen.o
 *fill*         0x81015516        0x2 
 .rodata.str1.4
                0x81015518       0x4a binaries/gpiohandler.o
                                 0x4c (size before relaxing)
 *fill*         0x81015562        0x2 
 .rodata        0x81015564      0x450 binaries/gpioinit.o
 .rodata.str1.4
                0x810159b4       0xb5 binaries/gpioinit.o
                                 0xb8 (size before relaxing)
 *fill*         0x81015a69        0x3 
 .rodata        0x81015a6c      0x2e0 binaries/gpioread.o
 .rodata.str1.4
                0x81015d4c       0x93 binaries/gpioread.o
                                 0x98 (size before relaxing)
 *fill*         0x81015ddf        0x1 
 .rodata        0x81015de0      0x2e0 binaries/gpiowrite.o
 .rodata.str1.4
                0x810160c0        0xe binaries/gpiowrite.o
                                 0x10 (size before relaxing)
 *fill*         0x810160ce        0x2 
 .rodata.str1.4
                0x810160d0      0x2d3 binaries/adcinit.o
                                0x2d4 (size before relaxing)
 *fill*         0x810163a3        0x1 
 .rodata.str1.4
                0x810163a4       0x3d binaries/arp.o
                                 0x40 (size before relaxing)
 *fill*         0x810163e1        0x3 
 .rodata.str1.4
                0x810163e4       0xd3 binaries/dhcp.o
                                 0xd4 (size before relaxing)
 *fill*         0x810164b7        0x1 
 .rodata.str1.4
                0x810164b8       0x1a binaries/dns.o
                                 0x1c (size before relaxing)
 *fill*         0x810164d2        0x2 
 .rodata.str1.4
                0x810164d4       0xca binaries/hexdump.o
                                 0xd8 (size before relaxing)
 *fill*         0x8101659e        0x2 
 .rodata.str1.4
                0x810165a0       0x29 binaries/icmp.o
                                 0x2c (size before relaxing)
 *fill*         0x810165c9        0x3 
 .rodata.str1.4
                0x810165cc       0x6e binaries/ip.o
                                 0x70 (size before relaxing)
 *fill*         0x8101663a        0x2 
 .rodata.str1.4
                0x8101663c       0x53 binaries/net.o
                                 0x54 (size before relaxing)
 *fill*         0x8101668f        0x1 
 .rodata.str1.4
                0x81016690      0x292 binaries/pdump.o
                                0x298 (size before relaxing)
 *fill*         0x81016922        0x2 
 .rodata.str1.4
                0x81016924      0x154 binaries/tftp.o
                                0x158 (size before relaxing)
 .rodata.str1.4
                0x81016a78       0x4f binaries/udp.o
                                 0x50 (size before relaxing)
 *fill*         0x81016ac7        0x1 
 .rodata        0x81016ac8       0xfc binaries/shell.o
                0x81016ac8                cmdtab
 .rodata.str1.4
                0x81016bc4      0x2e6 binaries/shell.o
                                0x2f0 (size before relaxing)
 *fill*         0x81016eaa        0x2 
 .rodata.str1.4
                0x81016eac       0x29 binaries/xsh_argecho.o
                                 0x30 (size before relaxing)
 *fill*         0x81016ed5        0x3 
 .rodata.str1.4
                0x81016ed8      0x13e binaries/xsh_arp.o
                                0x144 (size before relaxing)
 *fill*         0x81017016        0x2 
 .rodata.str1.4
                0x81017018       0x81 binaries/xsh_cat.o
                                 0xd4 (size before relaxing)
 *fill*         0x81017099        0x3 
 .rodata.str1.4
                0x8101709c       0x19 binaries/xsh_clear.o
                                 0x1c (size before relaxing)
 *fill*         0x810170b5        0x3 
 .rodata.str1.4
                0x810170b8      0x1af binaries/xsh_date.o
                                0x1cc (size before relaxing)
 *fill*         0x81017267        0x1 
 .rodata.str1.4
                0x81017268       0x61 binaries/xsh_devdump.o
                                 0x64 (size before relaxing)
 *fill*         0x810172c9        0x3 
 .rodata.str1.4
                0x810172cc        0x3 binaries/xsh_echo.o
                                  0xc (size before relaxing)
 *fill*         0x810172cf        0x1 
 .rodata.str1.4
                0x810172d0       0xe7 binaries/xsh_help.o
                                0x17c (size before relaxing)
 *fill*         0x810173b7        0x1 
 .rodata.str1.4
                0x810173b8       0xc8 binaries/xsh_kill.o
                                0x138 (size before relaxing)
 .rodata.str1.4
                0x81017480      0x226 binaries/xsh_memdump.o
                                0x27c (size before relaxing)
 *fill*         0x810176a6        0x2 
 .rodata.str1.4
                0x810176a8      0x1cc binaries/xsh_memstat.o
                                0x234 (size before relaxing)
 .rodata.str1.4
                0x81017874      0x10f binaries/xsh_netinfo.o
                                0x1cc (size before relaxing)
 *fill*         0x81017983        0x1 
 .rodata.str1.4
                0x81017984      0x13f binaries/xsh_ping.o
                                0x1b4 (size before relaxing)
 *fill*         0x81017ac3        0x1 
 .rodata        0x81017ac4       0x20 binaries/xsh_ps.o
 .rodata.str1.4
                0x81017ae4      0x11a binaries/xsh_ps.o
                                0x1d4 (size before relaxing)
 *fill*         0x81017bfe        0x2 
 .rodata.str1.4
                0x81017c00       0x5e binaries/xsh_sleep.o
                                 0xf8 (size before relaxing)
 *fill*         0x81017c5e        0x2 
 .rodata        0x81017c60        0xc binaries/xsh_udpdump.o
 .rodata.str1.4
                0x81017c6c      0x122 binaries/xsh_udpdump.o
                                0x1e0 (size before relaxing)
 *fill*         0x81017d8e        0x2 
 .rodata.str1.4
                0x81017d90      0x1ae binaries/xsh_udpecho.o
                                0x224 (size before relaxing)
 *fill*         0x81017f3e        0x2 
 .rodata.str1.4
                0x81017f40       0x97 binaries/xsh_udpserver.o
                                0x13c (size before relaxing)
 *fill*         0x81017fd7        0x1 
 .rodata.str1.4
                0x81017fd8       0x78 binaries/xsh_uptime.o
                                0x114 (size before relaxing)
                0x81018050                etext = ABSOLUTE (.)
                0x81019000                . = ALIGN (0x1000)
 *fill*         0x81018050      0xfb0 

.glue_7         0x81019000        0x0
 .glue_7        0x00000000        0x0 linker stubs

.glue_7t        0x81019000        0x0
 .glue_7t       0x00000000        0x0 linker stubs

.vfp11_veneer   0x81019000        0x0
 .vfp11_veneer  0x00000000        0x0 linker stubs

.v4_bx          0x81019000        0x0
 .v4_bx         0x00000000        0x0 linker stubs

.iplt           0x81019000        0x0
 .iplt          0x00000000        0x0 binaries/start.o

.rel.dyn        0x81019000        0x0
 .rel.iplt      0x00000000        0x0 binaries/start.o

.data           0x81019000     0x1000
                0x81019000                data = ABSOLUTE (.)
 *(.data .data.*)
 .data          0x81019000        0x0 binaries/start.o
 .data          0x81019000       0x88 binaries/ascdate.o
                0x81019000                Date
 .data          0x81019088        0x0 binaries/bufinit.o
 .data          0x81019088        0x0 binaries/chprio.o
 .data          0x81019088        0x4 binaries/clkhandler.o
 .data          0x8101908c        0x0 binaries/clkinit.o
 .data          0x8101908c        0x0 binaries/close.o
 .data          0x8101908c      0x690 binaries/conf.o
                0x8101908c                devtab
 .data          0x8101971c        0x0 binaries/control.o
 .data          0x8101971c        0x4 binaries/create.o
 .data          0x81019720       0x40 binaries/evec.o
                0x81019720                expmsg2
                0x81019734                expmsg1
 .data          0x81019760        0x4 binaries/event.o
                0x81019760                brokerPid
 .data          0x81019764        0x0 binaries/exit.o
 .data          0x81019764        0x0 binaries/freebuf.o
 .data          0x81019764        0x0 binaries/freemem.o
 .data          0x81019764        0x0 binaries/getbuf.o
 .data          0x81019764        0x0 binaries/getc.o
 .data          0x81019764        0x0 binaries/getdev.o
 .data          0x81019764        0x0 binaries/getitem.o
 .data          0x81019764        0x0 binaries/getmem.o
 .data          0x81019764        0x0 binaries/getpid.o
 .data          0x81019764        0x0 binaries/getprio.o
 .data          0x81019764        0x0 binaries/getstk.o
 .data          0x81019764        0x0 binaries/getticks.o
 .data          0x81019764        0x0 binaries/gettime.o
 .data          0x81019764        0x0 binaries/getutime.o
 .data          0x81019764        0x0 binaries/init.o
 .data          0x81019764        0x0 binaries/initialize.o
 .data          0x81019764        0x0 binaries/insert.o
 .data          0x81019764        0x0 binaries/insertd.o
 .data          0x81019764        0x0 binaries/ioerr.o
 .data          0x81019764        0x0 binaries/ionull.o
 .data          0x81019764        0x0 binaries/kill.o
 .data          0x81019764        0x0 binaries/kprintf.o
 .data          0x81019764        0x0 binaries/main.o
 .data          0x81019764        0x0 binaries/mark.o
 .data          0x81019764        0x0 binaries/meminit.o
 .data          0x81019764        0x0 binaries/mkbufpool.o
 .data          0x81019764        0x2 binaries/newqueue.o
 .data          0x81019766        0x0 binaries/open.o
 .data          0x81019766        0x0 binaries/panic.o
 .data          0x81019766        0x0 binaries/platinit.o
 .data          0x81019766        0x0 binaries/ptclear.o
 .data          0x81019766        0x0 binaries/ptcount.o
 .data          0x81019766        0x0 binaries/ptcreate.o
 .data          0x81019766        0x0 binaries/ptdelete.o
 .data          0x81019766        0x0 binaries/ptinit.o
 .data          0x81019766        0x0 binaries/ptrecv.o
 .data          0x81019766        0x0 binaries/ptreset.o
 .data          0x81019766        0x0 binaries/ptsend.o
 .data          0x81019766        0x0 binaries/putc.o
 .data          0x81019766        0x0 binaries/queue.o
 .data          0x81019766        0x0 binaries/read.o
 .data          0x81019766        0x0 binaries/readEdgeData.o
 .data          0x81019766        0x0 binaries/ready.o
 .data          0x81019766        0x0 binaries/receive.o
 .data          0x81019766        0x0 binaries/recvclr.o
 .data          0x81019766        0x0 binaries/recvtime.o
 .data          0x81019766        0x0 binaries/resched.o
 .data          0x81019766        0x0 binaries/resume.o
 .data          0x81019766        0x0 binaries/seek.o
 .data          0x81019766        0x0 binaries/semcount.o
 .data          0x81019766        0x0 binaries/semcreate.o
 .data          0x81019766        0x0 binaries/semdelete.o
 .data          0x81019766        0x0 binaries/semreset.o
 .data          0x81019766        0x0 binaries/send.o
 .data          0x81019766        0x0 binaries/sendEdgeData.o
 .data          0x81019766        0x0 binaries/signal.o
 .data          0x81019766        0x0 binaries/signaln.o
 .data          0x81019766        0x0 binaries/sleep.o
 .data          0x81019766        0x0 binaries/suspend.o
 .data          0x81019766        0x0 binaries/unsleep.o
 .data          0x81019766        0x0 binaries/userret.o
 .data          0x81019766        0x0 binaries/wait.o
 .data          0x81019766        0x0 binaries/wakeup.o
 .data          0x81019766        0x0 binaries/write.o
 .data          0x81019766        0x0 binaries/writesensor.o
 .data          0x81019766        0x0 binaries/xdone.o
 .data          0x81019766        0x0 binaries/yield.o
 .data          0x81019766        0x0 binaries/abs.o
 .data          0x81019766        0x0 binaries/atoi.o
 .data          0x81019766        0x0 binaries/atol.o
 .data          0x81019766        0x0 binaries/bzero.o
 .data          0x81019766        0x0 binaries/ctype_.o
 .data          0x81019766        0x0 binaries/doprnt.o
 *fill*         0x81019766        0x2 
 .data          0x81019768       0x80 binaries/doscan.o
                0x81019768                _sctab
 .data          0x810197e8        0x0 binaries/fdoprnt.o
 .data          0x810197e8        0x0 binaries/fgetc.o
 .data          0x810197e8        0x0 binaries/fgets.o
 .data          0x810197e8        0x0 binaries/fprintf.o
 .data          0x810197e8        0x0 binaries/fputc.o
 .data          0x810197e8        0x0 binaries/fputs.o
 .data          0x810197e8        0x0 binaries/fscanf.o
 .data          0x810197e8        0x0 binaries/getchar.o
 .data          0x810197e8        0x0 binaries/labs.o
 .data          0x810197e8        0x0 binaries/memchr.o
 .data          0x810197e8        0x0 binaries/memcmp.o
 .data          0x810197e8        0x0 binaries/memcpy.o
 .data          0x810197e8        0x0 binaries/memset.o
 .data          0x810197e8        0x0 binaries/printf.o
 .data          0x810197e8        0x0 binaries/putchar.o
 .data          0x810197e8        0x0 binaries/qsort.o
 .data          0x810197e8        0x4 binaries/rand.o
 .data          0x810197ec        0x0 binaries/sprintf.o
 .data          0x810197ec        0x0 binaries/sscanf.o
 .data          0x810197ec        0x0 binaries/strchr.o
 .data          0x810197ec        0x0 binaries/strcmp.o
 .data          0x810197ec        0x0 binaries/strcpy.o
 .data          0x810197ec        0x0 binaries/strlen.o
 .data          0x810197ec        0x0 binaries/strncat.o
 .data          0x810197ec        0x0 binaries/strncmp.o
 .data          0x810197ec        0x0 binaries/strncpy.o
 .data          0x810197ec        0x0 binaries/strnlen.o
 .data          0x810197ec        0x0 binaries/strrchr.o
 .data          0x810197ec        0x0 binaries/strstr.o
 .data          0x810197ec        0x0 binaries/pio.o
 .data          0x810197ec        0x0 binaries/ttycontrol.o
 .data          0x810197ec        0x0 binaries/ttygetc.o
 .data          0x810197ec        0x0 binaries/ttyhandle_in.o
 .data          0x810197ec        0x0 binaries/ttyhandle_out.o
 .data          0x810197ec        0x0 binaries/ttyhandler.o
 .data          0x810197ec        0x0 binaries/ttyinit.o
 .data          0x810197ec        0x0 binaries/ttykickout.o
 .data          0x810197ec        0x0 binaries/ttyputc.o
 .data          0x810197ec        0x0 binaries/ttyread.o
 .data          0x810197ec        0x0 binaries/ttywrite.o
 .data          0x810197ec        0x0 binaries/mount.o
 .data          0x810197ec        0x0 binaries/naminit.o
 .data          0x810197ec        0x0 binaries/nammap.o
 .data          0x810197ec        0x0 binaries/namopen.o
 .data          0x810197ec        0x0 binaries/ethcontrol.o
 .data          0x810197ec        0x0 binaries/ethhandler.o
 .data          0x810197ec        0x0 binaries/ethinit.o
 .data          0x810197ec        0x0 binaries/ethread.o
 .data          0x810197ec        0x0 binaries/ethwrite.o
 .data          0x810197ec        0x0 binaries/rdsbufalloc.o
 .data          0x810197ec        0x0 binaries/rdsclose.o
 .data          0x810197ec        0x0 binaries/rdscomm.o
 .data          0x810197ec        0x0 binaries/rdscontrol.o
 .data          0x810197ec        0x0 binaries/rdsinit.o
 .data          0x810197ec        0x0 binaries/rdsopen.o
 .data          0x810197ec        0x0 binaries/rdsprocess.o
 .data          0x810197ec        0x0 binaries/rdsread.o
 .data          0x810197ec        0x0 binaries/rdswrite.o
 .data          0x810197ec        0x0 binaries/ramclose.o
 .data          0x810197ec        0x0 binaries/raminit.o
 .data          0x810197ec        0x0 binaries/ramopen.o
 .data          0x810197ec        0x0 binaries/ramread.o
 .data          0x810197ec        0x0 binaries/ramwrite.o
 .data          0x810197ec        0x0 binaries/lfdballoc.o
 .data          0x810197ec        0x0 binaries/lfdbfree.o
 .data          0x810197ec        0x0 binaries/lfflush.o
 .data          0x810197ec        0x0 binaries/lfgetmode.o
 .data          0x810197ec        0x0 binaries/lfiballoc.o
 .data          0x810197ec        0x0 binaries/lfibclear.o
 .data          0x810197ec        0x0 binaries/lfibget.o
 .data          0x810197ec        0x0 binaries/lfibput.o
 .data          0x810197ec        0x0 binaries/lflclose.o
 .data          0x810197ec        0x0 binaries/lflcontrol.o
 .data          0x810197ec        0x0 binaries/lflgetc.o
 .data          0x810197ec        0x0 binaries/lflinit.o
 .data          0x810197ec        0x0 binaries/lflputc.o
 .data          0x810197ec        0x0 binaries/lflread.o
 .data          0x810197ec        0x0 binaries/lflseek.o
 .data          0x810197ec        0x0 binaries/lflwrite.o
 .data          0x810197ec        0x0 binaries/lfscheck.o
 .data          0x810197ec        0x0 binaries/lfsckfmt.o
 .data          0x810197ec        0x0 binaries/lfscreate.o
 .data          0x810197ec        0x0 binaries/lfsetup.o
 .data          0x810197ec        0x0 binaries/lfsinit.o
 .data          0x810197ec        0x0 binaries/lfsopen.o
 .data          0x810197ec        0x0 binaries/lftruncate.o
 .data          0x810197ec        0x0 binaries/rflclose.o
 .data          0x810197ec        0x0 binaries/rflgetc.o
 .data          0x810197ec        0x0 binaries/rflinit.o
 .data          0x810197ec        0x0 binaries/rflputc.o
 .data          0x810197ec        0x0 binaries/rflread.o
 .data          0x810197ec        0x0 binaries/rflseek.o
 .data          0x810197ec        0x0 binaries/rflwrite.o
 .data          0x810197ec        0x0 binaries/rfscomm.o
 .data          0x810197ec        0x0 binaries/rfscontrol.o
 .data          0x810197ec        0x0 binaries/rfsgetmode.o
 .data          0x810197ec        0x0 binaries/rfsinit.o
 .data          0x810197ec        0x0 binaries/rfsndmsg.o
 .data          0x810197ec        0x0 binaries/rfsopen.o
 .data          0x810197ec        0x0 binaries/spicontrol.o
 .data          0x810197ec        0x0 binaries/spiinit.o
 .data          0x810197ec        0x0 binaries/gpiohandler.o
 .data          0x810197ec        0x0 binaries/gpioinit.o
 .data          0x810197ec        0x0 binaries/gpioread.o
 .data          0x810197ec        0x0 binaries/gpiowrite.o
 .data          0x810197ec        0x0 binaries/adchandler.o
 .data          0x810197ec        0x0 binaries/adcinit.o
 .data          0x810197ec        0x0 binaries/adcread.o
 .data          0x810197ec        0x0 binaries/adcsysctrl.o
 .data          0x810197ec        0x0 binaries/arp.o
 .data          0x810197ec        0x0 binaries/dhcp.o
 .data          0x810197ec        0x0 binaries/dns.o
 .data          0x810197ec        0x0 binaries/dot2ip.o
 .data          0x810197ec        0x0 binaries/hexdump.o
 .data          0x810197ec        0x4 binaries/icmp.o
 .data          0x810197f0        0x0 binaries/ip.o
 .data          0x810197f0        0x0 binaries/net.o
 .data          0x810197f0        0x0 binaries/pdump.o
 .data          0x810197f0        0x0 binaries/tftp.o
 .data          0x810197f0        0x4 binaries/udp.o
 .data          0x810197f4        0x0 binaries/addargs.o
 .data          0x810197f4        0x0 binaries/lexan.o
 .data          0x810197f4        0x4 binaries/shell.o
                0x810197f4                ncmd
 .data          0x810197f8        0x0 binaries/xsh_argecho.o
 .data          0x810197f8        0x0 binaries/xsh_arp.o
 .data          0x810197f8        0x0 binaries/xsh_cat.o
 .data          0x810197f8        0x0 binaries/xsh_clear.o
 .data          0x810197f8        0x0 binaries/xsh_date.o
 .data          0x810197f8        0x0 binaries/xsh_devdump.o
 .data          0x810197f8        0x0 binaries/xsh_echo.o
 .data          0x810197f8        0x0 binaries/xsh_exit.o
 .data          0x810197f8        0x0 binaries/xsh_help.o
 .data          0x810197f8        0x0 binaries/xsh_kill.o
 .data          0x810197f8        0x0 binaries/xsh_memdump.o
 .data          0x810197f8        0x0 binaries/xsh_memstat.o
 .data          0x810197f8        0x0 binaries/xsh_netinfo.o
 .data          0x810197f8        0x0 binaries/xsh_ping.o
 .data          0x810197f8        0x0 binaries/xsh_ps.o
 .data          0x810197f8        0x0 binaries/xsh_sleep.o
 .data          0x810197f8        0x0 binaries/xsh_udpdump.o
 .data          0x810197f8        0x0 binaries/xsh_udpecho.o
 .data          0x810197f8        0x0 binaries/xsh_udpserver.o
 .data          0x810197f8        0x0 binaries/xsh_uptime.o
 .data          0x810197f8        0x0 binaries/ctxsw.o
 .data          0x810197f8        0x0 binaries/intr.o
 .data          0x810197f8        0x0 ../cross_compiler/lib/gcc/arm-none-eabi/4.8.1//libgcc.a(_udivsi3.o)
 .data          0x810197f8        0x0 ../cross_compiler/lib/gcc/arm-none-eabi/4.8.1//libgcc.a(_divsi3.o)
 .data          0x810197f8        0x0 ../cross_compiler/lib/gcc/arm-none-eabi/4.8.1//libgcc.a(_dvmd_tls.o)
 .data          0x810197f8        0x0 ../cross_compiler/lib/gcc/arm-none-eabi/4.8.1//libgcc.a(_arm_addsubdf3.o)
 .data          0x810197f8        0x0 ../cross_compiler/lib/gcc/arm-none-eabi/4.8.1//libgcc.a(_arm_muldivdf3.o)
 .data          0x810197f8        0x0 ../cross_compiler/lib/gcc/arm-none-eabi/4.8.1//libgcc.a(_arm_cmpdf2.o)
 .data          0x810197f8        0x0 ../cross_compiler/lib/gcc/arm-none-eabi/4.8.1//libgcc.a(_arm_fixdfsi.o)
 .data          0x810197f8        0x0 ../cross_compiler/lib/gcc/arm-none-eabi/4.8.1//libgcc.a(_arm_fixunsdfsi.o)
                0x810197f8                edata = ABSOLUTE (.)
                0x8101a000                . = ALIGN (0x1000)
 *fill*         0x810197f8      0x808 

.igot.plt       0x8101a000        0x0
 .igot.plt      0x00000000        0x0 binaries/start.o

.bss            0x8101a000    0x28000
                0x8101a000                bss = ABSOLUTE (.)
 *(.bss .bss.*)
 .bss           0x8101a000        0x0 binaries/start.o
 .bss           0x8101a000        0x0 binaries/ascdate.o
 .bss           0x8101a000        0x0 binaries/bufinit.o
 .bss           0x8101a000        0x0 binaries/chprio.o
 .bss           0x8101a000        0x0 binaries/clkhandler.o
 .bss           0x8101a000        0x4 binaries/clkinit.o
                0x8101a000                ctr1000
 .bss           0x8101a004        0x0 binaries/close.o
 .bss           0x8101a004        0x0 binaries/conf.o
 .bss           0x8101a004        0x0 binaries/control.o
 .bss           0x8101a004        0x0 binaries/create.o
 .bss           0x8101a004        0x0 binaries/evec.o
 .bss           0x8101a004        0x0 binaries/event.o
 .bss           0x8101a004        0x0 binaries/exit.o
 .bss           0x8101a004        0x0 binaries/freebuf.o
 .bss           0x8101a004        0x0 binaries/freemem.o
 .bss           0x8101a004        0x0 binaries/getbuf.o
 .bss           0x8101a004        0x0 binaries/getc.o
 .bss           0x8101a004        0x0 binaries/getdev.o
 .bss           0x8101a004        0x0 binaries/getitem.o
 .bss           0x8101a004        0x0 binaries/getmem.o
 .bss           0x8101a004        0x0 binaries/getpid.o
 .bss           0x8101a004        0x0 binaries/getprio.o
 .bss           0x8101a004        0x0 binaries/getstk.o
 .bss           0x8101a004        0x0 binaries/getticks.o
 .bss           0x8101a004        0x0 binaries/gettime.o
 .bss           0x8101a004        0x0 binaries/getutime.o
 .bss           0x8101a004        0x0 binaries/init.o
 .bss           0x8101a004        0x0 binaries/initialize.o
 .bss           0x8101a004        0x0 binaries/insert.o
 .bss           0x8101a004        0x0 binaries/insertd.o
 .bss           0x8101a004        0x0 binaries/ioerr.o
 .bss           0x8101a004        0x0 binaries/ionull.o
 .bss           0x8101a004        0x0 binaries/kill.o
 .bss           0x8101a004        0x0 binaries/kprintf.o
 .bss           0x8101a004        0x0 binaries/main.o
 .bss           0x8101a004        0x0 binaries/mark.o
 .bss           0x8101a004        0x0 binaries/meminit.o
 .bss           0x8101a004        0x0 binaries/mkbufpool.o
 .bss           0x8101a004        0x0 binaries/newqueue.o
 .bss           0x8101a004        0x0 binaries/open.o
 .bss           0x8101a004        0x0 binaries/panic.o
 .bss           0x8101a004        0x0 binaries/platinit.o
 .bss           0x8101a004        0x0 binaries/ptclear.o
 .bss           0x8101a004        0x0 binaries/ptcount.o
 .bss           0x8101a004        0x0 binaries/ptcreate.o
 .bss           0x8101a004        0x0 binaries/ptdelete.o
 .bss           0x8101a004        0x0 binaries/ptinit.o
 .bss           0x8101a004        0x0 binaries/ptrecv.o
 .bss           0x8101a004        0x0 binaries/ptreset.o
 .bss           0x8101a004        0x0 binaries/ptsend.o
 .bss           0x8101a004        0x0 binaries/putc.o
 .bss           0x8101a004        0x0 binaries/queue.o
 .bss           0x8101a004        0x0 binaries/read.o
 .bss           0x8101a004        0x4 binaries/readEdgeData.o
 .bss           0x8101a008        0x0 binaries/ready.o
 .bss           0x8101a008        0x0 binaries/receive.o
 .bss           0x8101a008        0x0 binaries/recvclr.o
 .bss           0x8101a008        0x0 binaries/recvtime.o
 .bss           0x8101a008        0x0 binaries/resched.o
 .bss           0x8101a008        0x0 binaries/resume.o
 .bss           0x8101a008        0x0 binaries/seek.o
 .bss           0x8101a008        0x0 binaries/semcount.o
 .bss           0x8101a008        0x4 binaries/semcreate.o
 .bss           0x8101a00c        0x0 binaries/semdelete.o
 .bss           0x8101a00c        0x0 binaries/semreset.o
 .bss           0x8101a00c        0x0 binaries/send.o
 .bss           0x8101a00c        0x0 binaries/sendEdgeData.o
 .bss           0x8101a00c        0x0 binaries/signal.o
 .bss           0x8101a00c        0x0 binaries/signaln.o
 .bss           0x8101a00c        0x0 binaries/sleep.o
 .bss           0x8101a00c        0x0 binaries/suspend.o
 .bss           0x8101a00c        0x0 binaries/unsleep.o
 .bss           0x8101a00c        0x0 binaries/userret.o
 .bss           0x8101a00c        0x0 binaries/wait.o
 .bss           0x8101a00c        0x0 binaries/wakeup.o
 .bss           0x8101a00c        0x0 binaries/write.o
 .bss           0x8101a00c        0x0 binaries/writesensor.o
 .bss           0x8101a00c        0x0 binaries/xdone.o
 .bss           0x8101a00c        0x0 binaries/yield.o
 .bss           0x8101a00c        0x0 binaries/abs.o
 .bss           0x8101a00c        0x0 binaries/atoi.o
 .bss           0x8101a00c        0x0 binaries/atol.o
 .bss           0x8101a00c        0x0 binaries/bzero.o
 .bss           0x8101a00c        0x0 binaries/ctype_.o
 .bss           0x8101a00c        0x0 binaries/doprnt.o
 .bss           0x8101a00c        0x0 binaries/doscan.o
 .bss           0x8101a00c        0x0 binaries/fdoprnt.o
 .bss           0x8101a00c        0x0 binaries/fgetc.o
 .bss           0x8101a00c        0x0 binaries/fgets.o
 .bss           0x8101a00c        0x0 binaries/fprintf.o
 .bss           0x8101a00c        0x0 binaries/fputc.o
 .bss           0x8101a00c        0x0 binaries/fputs.o
 .bss           0x8101a00c        0x0 binaries/fscanf.o
 .bss           0x8101a00c        0x0 binaries/getchar.o
 .bss           0x8101a00c        0x0 binaries/labs.o
 .bss           0x8101a00c        0x0 binaries/memchr.o
 .bss           0x8101a00c        0x0 binaries/memcmp.o
 .bss           0x8101a00c        0x0 binaries/memcpy.o
 .bss           0x8101a00c        0x0 binaries/memset.o
 .bss           0x8101a00c        0x0 binaries/printf.o
 .bss           0x8101a00c        0x0 binaries/putchar.o
 .bss           0x8101a00c        0x8 binaries/qsort.o
 .bss           0x8101a014        0x0 binaries/rand.o
 .bss           0x8101a014        0x0 binaries/sprintf.o
 .bss           0x8101a014        0x0 binaries/sscanf.o
 .bss           0x8101a014        0x0 binaries/strchr.o
 .bss           0x8101a014        0x0 binaries/strcmp.o
 .bss           0x8101a014        0x0 binaries/strcpy.o
 .bss           0x8101a014        0x0 binaries/strlen.o
 .bss           0x8101a014        0x0 binaries/strncat.o
 .bss           0x8101a014        0x0 binaries/strncmp.o
 .bss           0x8101a014        0x0 binaries/strncpy.o
 .bss           0x8101a014        0x0 binaries/strnlen.o
 .bss           0x8101a014        0x0 binaries/strrchr.o
 .bss           0x8101a014        0x0 binaries/strstr.o
 .bss           0x8101a014        0x0 binaries/pio.o
 .bss           0x8101a014        0x0 binaries/ttycontrol.o
 .bss           0x8101a014        0x0 binaries/ttygetc.o
 .bss           0x8101a014        0x0 binaries/ttyhandle_in.o
 .bss           0x8101a014        0x0 binaries/ttyhandle_out.o
 .bss           0x8101a014        0x0 binaries/ttyhandler.o
 .bss           0x8101a014        0x0 binaries/ttyinit.o
 .bss           0x8101a014        0x0 binaries/ttykickout.o
 .bss           0x8101a014        0x0 binaries/ttyputc.o
 .bss           0x8101a014        0x0 binaries/ttyread.o
 .bss           0x8101a014        0x0 binaries/ttywrite.o
 .bss           0x8101a014        0x0 binaries/mount.o
 .bss           0x8101a014        0x0 binaries/naminit.o
 .bss           0x8101a014        0x0 binaries/nammap.o
 .bss           0x8101a014        0x0 binaries/namopen.o
 .bss           0x8101a014        0x0 binaries/ethcontrol.o
 .bss           0x8101a014        0x0 binaries/ethhandler.o
 .bss           0x8101a014        0x0 binaries/ethinit.o
 .bss           0x8101a014        0x0 binaries/ethread.o
 .bss           0x8101a014        0x0 binaries/ethwrite.o
 .bss           0x8101a014        0x0 binaries/rdsbufalloc.o
 .bss           0x8101a014        0x0 binaries/rdsclose.o
 .bss           0x8101a014        0x0 binaries/rdscomm.o
 .bss           0x8101a014        0x0 binaries/rdscontrol.o
 .bss           0x8101a014        0x0 binaries/rdsinit.o
 .bss           0x8101a014        0x0 binaries/rdsopen.o
 .bss           0x8101a014        0x0 binaries/rdsprocess.o
 .bss           0x8101a014        0x0 binaries/rdsread.o
 .bss           0x8101a014        0x0 binaries/rdswrite.o
 .bss           0x8101a014        0x0 binaries/ramclose.o
 .bss           0x8101a014        0x0 binaries/raminit.o
 .bss           0x8101a014        0x0 binaries/ramopen.o
 .bss           0x8101a014        0x0 binaries/ramread.o
 .bss           0x8101a014        0x0 binaries/ramwrite.o
 .bss           0x8101a014        0x0 binaries/lfdballoc.o
 .bss           0x8101a014        0x0 binaries/lfdbfree.o
 .bss           0x8101a014        0x0 binaries/lfflush.o
 .bss           0x8101a014        0x0 binaries/lfgetmode.o
 .bss           0x8101a014        0x0 binaries/lfiballoc.o
 .bss           0x8101a014        0x0 binaries/lfibclear.o
 .bss           0x8101a014        0x0 binaries/lfibget.o
 .bss           0x8101a014        0x0 binaries/lfibput.o
 .bss           0x8101a014        0x0 binaries/lflclose.o
 .bss           0x8101a014        0x0 binaries/lflcontrol.o
 .bss           0x8101a014        0x0 binaries/lflgetc.o
 .bss           0x8101a014        0x0 binaries/lflinit.o
 .bss           0x8101a014        0x0 binaries/lflputc.o
 .bss           0x8101a014        0x0 binaries/lflread.o
 .bss           0x8101a014        0x0 binaries/lflseek.o
 .bss           0x8101a014        0x0 binaries/lflwrite.o
 .bss           0x8101a014        0x0 binaries/lfscheck.o
 .bss           0x8101a014        0x0 binaries/lfsckfmt.o
 .bss           0x8101a014        0x0 binaries/lfscreate.o
 .bss           0x8101a014        0x0 binaries/lfsetup.o
 .bss           0x8101a014        0x0 binaries/lfsinit.o
 .bss           0x8101a014        0x0 binaries/lfsopen.o
 .bss           0x8101a014        0x0 binaries/lftruncate.o
 .bss           0x8101a014        0x0 binaries/rflclose.o
 .bss           0x8101a014        0x0 binaries/rflgetc.o
 .bss           0x8101a014        0x0 binaries/rflinit.o
 .bss           0x8101a014        0x0 binaries/rflputc.o
 .bss           0x8101a014        0x0 binaries/rflread.o
 .bss           0x8101a014        0x0 binaries/rflseek.o
 .bss           0x8101a014        0x0 binaries/rflwrite.o
 .bss           0x8101a014        0x0 binaries/rfscomm.o
 .bss           0x8101a014        0x0 binaries/rfscontrol.o
 .bss           0x8101a014        0x0 binaries/rfsgetmode.o
 .bss           0x8101a014        0x0 binaries/rfsinit.o
 .bss           0x8101a014        0x0 binaries/rfsndmsg.o
 .bss           0x8101a014        0x0 binaries/rfsopen.o
 .bss           0x8101a014        0x0 binaries/spicontrol.o
 .bss           0x8101a014        0x0 binaries/spiinit.o
 .bss           0x8101a014        0x0 binaries/gpiohandler.o
 .bss           0x8101a014        0x0 binaries/gpioinit.o
 .bss           0x8101a014        0x0 binaries/gpioread.o
 .bss           0x8101a014        0x0 binaries/gpiowrite.o
 .bss           0x8101a014        0x0 binaries/adchandler.o
 .bss           0x8101a014        0x0 binaries/adcinit.o
 .bss           0x8101a014        0x0 binaries/adcread.o
 .bss           0x8101a014        0x0 binaries/adcsysctrl.o
 .bss           0x8101a014        0x0 binaries/arp.o
 .bss           0x8101a014        0x0 binaries/dhcp.o
 .bss           0x8101a014        0x0 binaries/dns.o
 .bss           0x8101a014        0x0 binaries/dot2ip.o
 .bss           0x8101a014        0x0 binaries/hexdump.o
 .bss           0x8101a014        0x0 binaries/icmp.o
 .bss           0x8101a014        0x0 binaries/ip.o
 .bss           0x8101a014        0x0 binaries/net.o
 .bss           0x8101a014        0x0 binaries/pdump.o
 .bss           0x8101a014        0x0 binaries/tftp.o
 .bss           0x8101a014        0x0 binaries/udp.o
 .bss           0x8101a014        0x0 binaries/addargs.o
 .bss           0x8101a014        0x0 binaries/lexan.o
 .bss           0x8101a014        0x0 binaries/shell.o
 .bss           0x8101a014        0x0 binaries/xsh_argecho.o
 .bss           0x8101a014        0x0 binaries/xsh_arp.o
 .bss           0x8101a014        0x0 binaries/xsh_cat.o
 .bss           0x8101a014        0x0 binaries/xsh_clear.o
 .bss           0x8101a014        0x0 binaries/xsh_date.o
 .bss           0x8101a014        0x0 binaries/xsh_devdump.o
 .bss           0x8101a014        0x0 binaries/xsh_echo.o
 .bss           0x8101a014        0x0 binaries/xsh_exit.o
 .bss           0x8101a014        0x0 binaries/xsh_help.o
 .bss           0x8101a014        0x0 binaries/xsh_kill.o
 .bss           0x8101a014        0x0 binaries/xsh_memdump.o
 .bss           0x8101a014        0x0 binaries/xsh_memstat.o
 .bss           0x8101a014        0x0 binaries/xsh_netinfo.o
 .bss           0x8101a014        0x4 binaries/xsh_ping.o
 .bss           0x8101a018        0x0 binaries/xsh_ps.o
 .bss           0x8101a018        0x0 binaries/xsh_sleep.o
[...]
 .ARM.attributes
                0x0000203c       0x35 binaries/lfibput.o
 .ARM.attributes
                0x00002071       0x35 binaries/lflclose.o
 .ARM.attributes
                0x000020a6       0x35 binaries/lflcontrol.o
 .ARM.attributes
                0x000020db       0x35 binaries/lflgetc.o
 .ARM.attributes
                0x00002110       0x35 binaries/lflinit.o
 .ARM.attributes
                0x00002145       0x35 binaries/lflputc.o
 .ARM.attributes
                0x0000217a       0x35 binaries/lflread.o
 .ARM.attributes
                0x000021af       0x35 binaries/lflseek.o
 .ARM.attributes
                0x000021e4       0x35 binaries/lflwrite.o
 .ARM.attributes
                0x00002219       0x35 binaries/lfscheck.o
 .ARM.attributes
                0x0000224e       0x35 binaries/lfsckfmt.o
 .ARM.attributes
                0x00002283       0x35 binaries/lfscreate.o
 .ARM.attributes
                0x000022b8       0x35 binaries/lfsetup.o
 .ARM.attributes
                0x000022ed       0x35 binaries/lfsinit.o
 .ARM.attributes
                0x00002322       0x35 binaries/lfsopen.o
 .ARM.attributes
                0x00002357       0x35 binaries/lftruncate.o
 .ARM.attributes
                0x0000238c       0x35 binaries/rflclose.o
 .ARM.attributes
                0x000023c1       0x35 binaries/rflgetc.o
 .ARM.attributes
                0x000023f6       0x35 binaries/rflinit.o
 .ARM.attributes
                0x0000242b       0x35 binaries/rflputc.o
 .ARM.attributes
                0x00002460       0x35 binaries/rflread.o
 .ARM.attributes
                0x00002495       0x35 binaries/rflseek.o
 .ARM.attributes
                0x000024ca       0x35 binaries/rflwrite.o
 .ARM.attributes
                0x000024ff       0x35 binaries/rfscomm.o
 .ARM.attributes
                0x00002534       0x35 binaries/rfscontrol.o
 .ARM.attributes
                0x00002569       0x35 binaries/rfsgetmode.o
 .ARM.attributes
                0x0000259e       0x35 binaries/rfsinit.o
 .ARM.attributes
                0x000025d3       0x35 binaries/rfsndmsg.o
 .ARM.attributes
                0x00002608       0x35 binaries/rfsopen.o
 .ARM.attributes
                0x0000263d       0x35 binaries/spicontrol.o
 .ARM.attributes
                0x00002672       0x35 binaries/spiinit.o
 .ARM.attributes
                0x000026a7       0x35 binaries/gpiohandler.o
 .ARM.attributes
                0x000026dc       0x35 binaries/gpioinit.o
 .ARM.attributes
                0x00002711       0x35 binaries/gpioread.o
 .ARM.attributes
                0x00002746       0x35 binaries/gpiowrite.o
 .ARM.attributes
                0x0000277b       0x35 binaries/adchandler.o
 .ARM.attributes
                0x000027b0       0x35 binaries/adcinit.o
 .ARM.attributes
                0x000027e5       0x35 binaries/adcread.o
 .ARM.attributes
                0x0000281a       0x35 binaries/adcsysctrl.o
 .ARM.attributes
                0x0000284f       0x35 binaries/arp.o
 .ARM.attributes
                0x00002884       0x35 binaries/dhcp.o
 .ARM.attributes
                0x000028b9       0x35 binaries/dns.o
 .ARM.attributes
                0x000028ee       0x35 binaries/dot2ip.o
 .ARM.attributes
                0x00002923       0x35 binaries/hexdump.o
 .ARM.attributes
                0x00002958       0x35 binaries/icmp.o
 .ARM.attributes
                0x0000298d       0x35 binaries/ip.o
 .ARM.attributes
                0x000029c2       0x35 binaries/net.o
 .ARM.attributes
                0x000029f7       0x35 binaries/pdump.o
 .ARM.attributes
                0x00002a2c       0x35 binaries/tftp.o
 .ARM.attributes
                0x00002a61       0x35 binaries/udp.o
 .ARM.attributes
                0x00002a96       0x35 binaries/addargs.o
 .ARM.attributes
                0x00002acb       0x35 binaries/lexan.o
 .ARM.attributes
                0x00002b00       0x35 binaries/shell.o
 .ARM.attributes
                0x00002b35       0x35 binaries/xsh_argecho.o
 .ARM.attributes
                0x00002b6a       0x35 binaries/xsh_arp.o
 .ARM.attributes
                0x00002b9f       0x35 binaries/xsh_cat.o
 .ARM.attributes
                0x00002bd4       0x35 binaries/xsh_clear.o
 .ARM.attributes
                0x00002c09       0x35 binaries/xsh_date.o
 .ARM.attributes
                0x00002c3e       0x35 binaries/xsh_devdump.o
 .ARM.attributes
                0x00002c73       0x35 binaries/xsh_echo.o
 .ARM.attributes
                0x00002ca8       0x35 binaries/xsh_exit.o
 .ARM.attributes
                0x00002cdd       0x35 binaries/xsh_help.o
 .ARM.attributes
                0x00002d12       0x35 binaries/xsh_kill.o
 .ARM.attributes
                0x00002d47       0x35 binaries/xsh_memdump.o
 .ARM.attributes
                0x00002d7c       0x35 binaries/xsh_memstat.o
 .ARM.attributes
                0x00002db1       0x35 binaries/xsh_netinfo.o
 .ARM.attributes
                0x00002de6       0x35 binaries/xsh_ping.o
 .ARM.attributes
                0x00002e1b       0x35 binaries/xsh_ps.o
 .ARM.attributes
                0x00002e50       0x35 binaries/xsh_sleep.o
 .ARM.attributes
                0x00002e85       0x35 binaries/xsh_udpdump.o
 .ARM.attributes
                0x00002eba       0x35 binaries/xsh_udpecho.o
 .ARM.attributes
                0x00002eef       0x35 binaries/xsh_udpserver.o
 .ARM.attributes
                0x00002f24       0x35 binaries/xsh_uptime.o
 .ARM.attributes
                0x00002f59       0x25 binaries/ctxsw.o
 .ARM.attributes
                0x00002f7e       0x25 binaries/intr.o
 .ARM.attributes
                0x00002fa3       0x18 ../cross_compiler/lib/gcc/arm-none-eabi/4.8.1//libgcc.a(_udivsi3.o)
 .ARM.attributes
                0x00002fbb       0x18 ../cross_compiler/lib/gcc/arm-none-eabi/4.8.1//libgcc.a(_divsi3.o)
 .ARM.attributes
                0x00002fd3       0x18 ../cross_compiler/lib/gcc/arm-none-eabi/4.8.1//libgcc.a(_dvmd_tls.o)
 .ARM.attributes
                0x00002feb       0x18 ../cross_compiler/lib/gcc/arm-none-eabi/4.8.1//libgcc.a(_arm_addsubdf3.o)
 .ARM.attributes
                0x00003003       0x18 ../cross_compiler/lib/gcc/arm-none-eabi/4.8.1//libgcc.a(_arm_muldivdf3.o)
 .ARM.attributes
                0x0000301b       0x18 ../cross_compiler/lib/gcc/arm-none-eabi/4.8.1//libgcc.a(_arm_cmpdf2.o)
 .ARM.attributes
                0x00003033       0x18 ../cross_compiler/lib/gcc/arm-none-eabi/4.8.1//libgcc.a(_arm_fixdfsi.o)
 .ARM.attributes
                0x0000304b       0x18 ../cross_compiler/lib/gcc/arm-none-eabi/4.8.1//libgcc.a(_arm_fixunsdfsi.o)

.comment        0x00000000       0x30
 .comment       0x00000000       0x30 binaries/ascdate.o
                                 0x31 (size before relaxing)
 .comment       0x00000000       0x31 binaries/bufinit.o
 .comment       0x00000000       0x31 binaries/chprio.o
 .comment       0x00000000       0x31 binaries/clkhandler.o
 .comment       0x00000000       0x31 binaries/clkinit.o
 .comment       0x00000000       0x31 binaries/close.o
 .comment       0x00000000       0x31 binaries/conf.o
 .comment       0x00000000       0x31 binaries/control.o
 .comment       0x00000000       0x31 binaries/create.o
 .comment       0x00000000       0x31 binaries/evec.o
 .comment       0x00000000       0x31 binaries/event.o
 .comment       0x00000000       0x31 binaries/exit.o
 .comment       0x00000000       0x31 binaries/freebuf.o
 .comment       0x00000000       0x31 binaries/freemem.o
 .comment       0x00000000       0x31 binaries/getbuf.o
 .comment       0x00000000       0x31 binaries/getc.o
 .comment       0x00000000       0x31 binaries/getdev.o
 .comment       0x00000000       0x31 binaries/getitem.o
 .comment       0x00000000       0x31 binaries/getmem.o
 .comment       0x00000000       0x31 binaries/getpid.o
 .comment       0x00000000       0x31 binaries/getprio.o
 .comment       0x00000000       0x31 binaries/getstk.o
 .comment       0x00000000       0x31 binaries/getticks.o
 .comment       0x00000000       0x31 binaries/gettime.o
 .comment       0x00000000       0x31 binaries/getutime.o
 .comment       0x00000000       0x31 binaries/init.o
 .comment       0x00000000       0x31 binaries/initialize.o
 .comment       0x00000000       0x31 binaries/insert.o
 .comment       0x00000000       0x31 binaries/insertd.o
 .comment       0x00000000       0x31 binaries/ioerr.o
 .comment       0x00000000       0x31 binaries/ionull.o
 .comment       0x00000000       0x31 binaries/kill.o
 .comment       0x00000000       0x31 binaries/kprintf.o
 .comment       0x00000000       0x31 binaries/main.o
 .comment       0x00000000       0x31 binaries/mark.o
 .comment       0x00000000       0x31 binaries/meminit.o
 .comment       0x00000000       0x31 binaries/mkbufpool.o
 .comment       0x00000000       0x31 binaries/newqueue.o
 .comment       0x00000000       0x31 binaries/open.o
 .comment       0x00000000       0x31 binaries/panic.o
 .comment       0x00000000       0x31 binaries/platinit.o
 .comment       0x00000000       0x31 binaries/ptclear.o
 .comment       0x00000000       0x31 binaries/ptcount.o
 .comment       0x00000000       0x31 binaries/ptcreate.o
 .comment       0x00000000       0x31 binaries/ptdelete.o
 .comment       0x00000000       0x31 binaries/ptinit.o
 .comment       0x00000000       0x31 binaries/ptrecv.o
 .comment       0x00000000       0x31 binaries/ptreset.o
 .comment       0x00000000       0x31 binaries/ptsend.o
 .comment       0x00000000       0x31 binaries/putc.o
 .comment       0x00000000       0x31 binaries/queue.o
 .comment       0x00000000       0x31 binaries/read.o
 .comment       0x00000000       0x31 binaries/readEdgeData.o
 .comment       0x00000000       0x31 binaries/ready.o
 .comment       0x00000000       0x31 binaries/receive.o
 .comment       0x00000000       0x31 binaries/recvclr.o
 .comment       0x00000000       0x31 binaries/recvtime.o
 .comment       0x00000000       0x31 binaries/resched.o
 .comment       0x00000000       0x31 binaries/resume.o
 .comment       0x00000000       0x31 binaries/seek.o
 .comment       0x00000000       0x31 binaries/semcount.o
 .comment       0x00000000       0x31 binaries/semcreate.o
 .comment       0x00000000       0x31 binaries/semdelete.o
 .comment       0x00000000       0x31 binaries/semreset.o
 .comment       0x00000000       0x31 binaries/send.o
 .comment       0x00000000       0x31 binaries/sendEdgeData.o
 .comment       0x00000000       0x31 binaries/signal.o
 .comment       0x00000000       0x31 binaries/signaln.o
 .comment       0x00000000       0x31 binaries/sleep.o
 .comment       0x00000000       0x31 binaries/suspend.o
 .comment       0x00000000       0x31 binaries/unsleep.o
 .comment       0x00000000       0x31 binaries/userret.o
 .comment       0x00000000       0x31 binaries/wait.o
 .comment       0x00000000       0x31 binaries/wakeup.o
 .comment       0x00000000       0x31 binaries/write.o
 .comment       0x00000000       0x31 binaries/writesensor.o
 .comment       0x00000000       0x31 binaries/xdone.o
 .comment       0x00000000       0x31 binaries/yield.o
 .comment       0x00000000       0x31 binaries/abs.o
 .comment       0x00000000       0x31 binaries/atoi.o
 .comment       0x00000000       0x31 binaries/atol.o
 .comment       0x00000000       0x31 binaries/bzero.o
 .comment       0x00000000       0x31 binaries/ctype_.o
 .comment       0x00000000       0x31 binaries/doprnt.o
 .comment       0x00000000       0x31 binaries/doscan.o
 .comment       0x00000000       0x31 binaries/fdoprnt.o
 .comment       0x00000000       0x31 binaries/fgetc.o
 .comment       0x00000000       0x31 binaries/fgets.o
 .comment       0x00000000       0x31 binaries/fprintf.o
 .comment       0x00000000       0x31 binaries/fputc.o
 .comment       0x00000000       0x31 binaries/fputs.o
 .comment       0x00000000       0x31 binaries/fscanf.o
 .comment       0x00000000       0x31 binaries/getchar.o
 .comment       0x00000000       0x31 binaries/labs.o
 .comment       0x00000000       0x31 binaries/memchr.o
 .comment       0x00000000       0x31 binaries/memcmp.o
 .comment       0x00000000       0x31 binaries/memcpy.o
 .comment       0x00000000       0x31 binaries/memset.o
 .comment       0x00000000       0x31 binaries/printf.o
 .comment       0x00000000       0x31 binaries/putchar.o
 .comment       0x00000000       0x31 binaries/qsort.o
 .comment       0x00000000       0x31 binaries/rand.o
 .comment       0x00000000       0x31 binaries/sprintf.o
 .comment       0x00000000       0x31 binaries/sscanf.o
 .comment       0x00000000       0x31 binaries/strchr.o
 .comment       0x00000000       0x31 binaries/strcmp.o
 .comment       0x00000000       0x31 binaries/strcpy.o
 .comment       0x00000000       0x31 binaries/strlen.o
 .comment       0x00000000       0x31 binaries/strncat.o
 .comment       0x00000000       0x31 binaries/strncmp.o
 .comment       0x00000000       0x31 binaries/strncpy.o
 .comment       0x00000000       0x31 binaries/strnlen.o
 .comment       0x00000000       0x31 binaries/strrchr.o
 .comment       0x00000000       0x31 binaries/strstr.o
 .comment       0x00000000       0x31 binaries/pio.o
 .comment       0x00000000       0x31 binaries/ttycontrol.o
 .comment       0x00000000       0x31 binaries/ttygetc.o
 .comment       0x00000000       0x31 binaries/ttyhandle_in.o
 .comment       0x00000000       0x31 binaries/ttyhandle_out.o
 .comment       0x00000000       0x31 binaries/ttyhandler.o
 .comment       0x00000000       0x31 binaries/ttyinit.o
 .comment       0x00000000       0x31 binaries/ttykickout.o
 .comment       0x00000000       0x31 binaries/ttyputc.o
 .comment       0x00000000       0x31 binaries/ttyread.o
 .comment       0x00000000       0x31 binaries/ttywrite.o
 .comment       0x00000000       0x31 binaries/mount.o
 .comment       0x00000000       0x31 binaries/naminit.o
 .comment       0x00000000       0x31 binaries/nammap.o
 .comment       0x00000000       0x31 binaries/namopen.o
 .comment       0x00000000       0x31 binaries/ethcontrol.o
 .comment       0x00000000       0x31 binaries/ethhandler.o
 .comment       0x00000000       0x31 binaries/ethinit.o
 .comment       0x00000000       0x31 binaries/ethread.o
 .comment       0x00000000       0x31 binaries/ethwrite.o
 .comment       0x00000000       0x31 binaries/rdsbufalloc.o
 .comment       0x00000000       0x31 binaries/rdsclose.o
 .comment       0x00000000       0x31 binaries/rdscomm.o
 .comment       0x00000000       0x31 binaries/rdscontrol.o
 .comment       0x00000000       0x31 binaries/rdsinit.o
 .comment       0x00000000       0x31 binaries/rdsopen.o
 .comment       0x00000000       0x31 binaries/rdsprocess.o
 .comment       0x00000000       0x31 binaries/rdsread.o
 .comment       0x00000000       0x31 binaries/rdswrite.o
 .comment       0x00000000       0x31 binaries/ramclose.o
 .comment       0x00000000       0x31 binaries/raminit.o
 .comment       0x00000000       0x31 binaries/ramopen.o
 .comment       0x00000000       0x31 binaries/ramread.o
 .comment       0x00000000       0x31 binaries/ramwrite.o
 .comment       0x00000000       0x31 binaries/lfdballoc.o
 .comment       0x00000000       0x31 binaries/lfdbfree.o
 .comment       0x00000000       0x31 binaries/lfflush.o
 .comment       0x00000000       0x31 binaries/lfgetmode.o
 .comment       0x00000000       0x31 binaries/lfiballoc.o
 .comment       0x00000000       0x31 binaries/lfibclear.o
 .comment       0x00000000       0x31 binaries/lfibget.o
 .comment       0x00000000       0x31 binaries/lfibput.o
 .comment       0x00000000       0x31 binaries/lflclose.o
 .comment       0x00000000       0x31 binaries/lflcontrol.o
 .comment       0x00000000       0x31 binaries/lflgetc.o
 .comment       0x00000000       0x31 binaries/lflinit.o
 .comment       0x00000000       0x31 binaries/lflputc.o
 .comment       0x00000000       0x31 binaries/lflread.o
 .comment       0x00000000       0x31 binaries/lflseek.o
 .comment       0x00000000       0x31 binaries/lflwrite.o
 .comment       0x00000000       0x31 binaries/lfscheck.o
 .comment       0x00000000       0x31 binaries/lfsckfmt.o
 .comment       0x00000000       0x31 binaries/lfscreate.o
 .comment       0x00000000       0x31 binaries/lfsetup.o
 .comment       0x00000000       0x31 binaries/lfsinit.o
 .comment       0x00000000       0x31 binaries/lfsopen.o
 .comment       0x00000000       0x31 binaries/lftruncate.o
 .comment       0x00000000       0x31 binaries/rflclose.o
 .comment       0x00000000       0x31 binaries/rflgetc.o
 .comment       0x00000000       0x31 binaries/rflinit.o
 .comment       0x00000000       0x31 binaries/rflputc.o
 .comment       0x00000000       0x31 binaries/rflread.o
 .comment       0x00000000       0x31 binaries/rflseek.o
 .comment       0x00000000       0x31 binaries/rflwrite.o
 .comment       0x00000000       0x31 binaries/rfscomm.o
 .comment       0x00000000       0x31 binaries/rfscontrol.o
 .comment       0x00000000       0x31 binaries/rfsgetmode.o
 .comment       0x00000000       0x31 binaries/rfsinit.o
 .comment       0x00000000       0x31 binaries/rfsndmsg.o
 .comment       0x00000000       0x31 binaries/rfsopen.o
 .comment       0x00000000       0x31 binaries/spicontrol.o
 .comment       0x00000000       0x31 binaries/spiinit.o
 .comment       0x00000000       0x31 binaries/gpiohandler.o
 .comment       0x00000000       0x31 binaries/gpioinit.o
 .comment       0x00000000       0x31 binaries/gpioread.o
 .comment       0x00000000       0x31 binaries/gpiowrite.o
 .comment       0x00000000       0x31 binaries/adchandler.o
 .comment       0x00000000       0x31 binaries/adcinit.o
 .comment       0x00000000       0x31 binaries/adcread.o
 .comment       0x00000000       0x31 binaries/adcsysctrl.o
 .comment       0x00000000       0x31 binaries/arp.o
 .comment       0x00000000       0x31 binaries/dhcp.o
 .comment       0x00000000       0x31 binaries/dns.o
 .comment       0x00000000       0x31 binaries/dot2ip.o
 .comment       0x00000000       0x31 binaries/hexdump.o
 .comment       0x00000000       0x31 binaries/icmp.o
 .comment       0x00000000       0x31 binaries/ip.o
 .comment       0x00000000       0x31 binaries/net.o
 .comment       0x00000000       0x31 binaries/pdump.o
 .comment       0x00000000       0x31 binaries/tftp.o
 .comment       0x00000000       0x31 binaries/udp.o
 .comment       0x00000000       0x31 binaries/addargs.o
 .comment       0x00000000       0x31 binaries/lexan.o
 .comment       0x00000000       0x31 binaries/shell.o
 .comment       0x00000000       0x31 binaries/xsh_argecho.o
 .comment       0x00000000       0x31 binaries/xsh_arp.o
 .comment       0x00000000       0x31 binaries/xsh_cat.o
 .comment       0x00000000       0x31 binaries/xsh_clear.o
 .comment       0x00000000       0x31 binaries/xsh_date.o
 .comment       0x00000000       0x31 binaries/xsh_devdump.o
 .comment       0x00000000       0x31 binaries/xsh_echo.o
 .comment       0x00000000       0x31 binaries/xsh_exit.o
 .comment       0x00000000       0x31 binaries/xsh_help.o
 .comment       0x00000000       0x31 binaries/xsh_kill.o
 .comment       0x00000000       0x31 binaries/xsh_memdump.o
 .comment       0x00000000       0x31 binaries/xsh_memstat.o
 .comment       0x00000000       0x31 binaries/xsh_netinfo.o
 .comment       0x00000000       0x31 binaries/xsh_ping.o
 .comment       0x00000000       0x31 binaries/xsh_ps.o
 .comment       0x00000000       0x31 binaries/xsh_sleep.o
 .comment       0x00000000       0x31 binaries/xsh_udpdump.o
 .comment       0x00000000       0x31 binaries/xsh_udpecho.o
 .comment       0x00000000       0x31 binaries/xsh_udpserver.o
 .comment       0x00000000       0x31 binaries/xsh_uptime.o

.debug_frame    0x00000000       0x40
 .debug_frame   0x00000000       0x20 ../cross_compiler/lib/gcc/arm-none-eabi/4.8.1//libgcc.a(_udivsi3.o)
 .debug_frame   0x00000020       0x20 ../cross_compiler/lib/gcc/arm-none-eabi/4.8.1//libgcc.a(_divsi3.o)
